../Core/Src/main.c:98:5:uart2_write	16	static
../Core/Src/main.c:108:5:__io_putchar	16	static
../Core/Src/main.c:120:5:main	24	static
../Core/Src/main.c:223:6:SystemClock_Config	88	static
../Core/Src/main.c:271:13:MX_ADC1_Init	24	static
../Core/Src/main.c:323:13:MX_I2C1_Init	8	static
../Core/Src/main.c:357:13:MX_USART2_UART_Init	8	static
../Core/Src/main.c:390:13:MX_GPIO_Init	48	static
../Core/Src/main.c:433:6:StartTask01	24	static
../Core/Src/main.c:480:6:StartTask02	16	static
../Core/Src/main.c:509:6:HAL_TIM_PeriodElapsedCallback	16	static
../Core/Src/main.c:526:6:Error_Handler	4	static,ignoring_inline_asm
